\BOOKMARK [1][-]{cover.1}{\376\377\134\001\000\040\227\142}{}% 1
\BOOKMARK [1][-]{title.1}{\376\377\150\007\000\040\230\230}{}% 2
\BOOKMARK [1][-]{contents.1}{\376\377\166\356\000\040\137\125}{}% 3
\BOOKMARK [1][-]{section.1}{\376\377\0001\000\040\225\356\230\230\221\315\217\360}{}% 4
\BOOKMARK [2][-]{subsection.1.1}{\376\377\0001\000.\0001\000\040\137\025\212\000}{section.1}% 5
\BOOKMARK [2][-]{subsection.1.2}{\376\377\0001\000.\0002\000\040\225\356\230\230\166\204\143\320\121\372}{section.1}% 6
\BOOKMARK [1][-]{section.2}{\376\377\0002\000\040\152\041\127\213\166\204\120\107\213\276}{}% 7
\BOOKMARK [1][-]{section.3}{\376\377\0003\000\040\173\046\123\367\213\364\146\016}{}% 8
\BOOKMARK [1][-]{section.4}{\376\377\0004\000\040\225\356\230\230\116\000}{}% 9
\BOOKMARK [2][-]{subsection.4.1}{\376\377\0004\000.\0001\000\040\225\356\230\230\116\000\122\006\147\220}{section.4}% 10
\BOOKMARK [2][-]{subsection.4.2}{\376\377\0004\000.\0002\000\040\173\227\154\325\171\072\117\213}{section.4}% 11
\BOOKMARK [1][-]{section.5}{\376\377\0005\000\040\225\356\230\230\116\214}{}% 12
\BOOKMARK [2][-]{subsection.5.1}{\376\377\0005\000.\0001\000\040\225\356\230\230\116\214\166\204\122\006\147\220}{section.5}% 13
\BOOKMARK [2][-]{subsection.5.2}{\376\377\0005\000.\0002\000\040\225\356\230\230\116\214\166\204\152\041\127\213\136\372\172\313}{section.5}% 14
\BOOKMARK [3][-]{subsubsection.5.2.1}{\376\377\0005\000.\0002\000.\0001\000\040\176\317\121\170\150\007\136\246\137\213\166\204\123\302\145\160\217\250\213\306\152\041\127\213\136\372\172\313\116\016\232\214\213\301}{subsection.5.2}% 15
\BOOKMARK [3][-]{subsubsection.5.2.2}{\376\377\0005\000.\0002\000.\0002\000\040\176\317\121\170\150\007\136\246\137\213\166\204\131\026\143\250\116\016\136\177\116\111\150\007\136\246\137\213\166\204\213\276\213\241}{subsection.5.2}% 16
\BOOKMARK [3][-]{subsubsection.5.2.3}{\376\377\0005\000.\0002\000.\0003\000\040\136\177\116\111\150\007\136\246\137\213\166\204\117\060\213\241\152\041\127\213\136\372\172\313}{subsection.5.2}% 17
\BOOKMARK [2][-]{subsection.5.3}{\376\377\0005\000.\0003\000\040\225\356\230\230\116\214\166\204\176\323\147\234}{section.5}% 18
\BOOKMARK [3][-]{subsubsection.5.3.1}{\376\377\0005\000.\0003\000.\0001\000\040\136\177\116\111\150\007\136\246\137\213\124\004\126\340\175\040\217\271\226\105\145\110\165\050\116\016\137\071\140\047\122\006\147\220}{subsection.5.3}% 19
\BOOKMARK [3][-]{subsubsection.5.3.2}{\376\377\0005\000.\0003\000.\0002\000\040\136\177\116\111\150\007\136\246\137\213\116\013\230\206\127\337\145\160\143\156\225\364\121\163\174\373\122\006\147\220}{subsection.5.3}% 20
\BOOKMARK [3][-]{subsubsection.5.3.3}{\376\377\0005\000.\0003\000.\0003\000\040\136\177\116\111\150\007\136\246\137\213\143\007\133\374\116\013\166\204\131\047\152\041\127\213\213\255\176\303\145\271\150\110\220\011\142\351\116\016\232\214\213\301}{subsection.5.3}% 21
\BOOKMARK [1][-]{section*.11}{\376\377\123\302\200\003\145\207\163\056}{}% 22
\BOOKMARK [1][-]{appendix.1.A}{\376\377\226\104\137\125\000\040\000A\000\040\000M\000A\000T\000L\000A\000B\000\040\156\220\172\013\136\217}{}% 23
\BOOKMARK [2][-]{subsection.1.A.1}{\376\377\000A\000.\0001\000\040\173\054\0001\225\356\172\013\136\217}{appendix.1.A}% 24
\BOOKMARK [1][-]{appendix.1.B}{\376\377\226\104\137\125\000\040\000B\000\040\000P\000y\000t\000h\000o\000n\000\040\156\220\172\013\136\217}{}% 25
\BOOKMARK [2][-]{subsection.1.B.1}{\376\377\000B\000.\0001\000\040\173\054\0002\225\356\172\013\136\217}{appendix.1.B}% 26
